// Jest Snapshot v1, https://goo.gl/fbAQLP

exports[`Jobs Component should match snapshot 1`] = `[Function]`;
